cdk/drag-drop/all-directives: 179236
cdk/drag-drop/basic: 175100
material/autocomplete/without-optgroup: 240989
material/button-toggle/standalone: 159023
material/chips/basic: 220624
material/datepicker/range-picker/without-form-field: 389083
material/expansion/without-accordion: 157841
material/form-field/advanced: 237040
material/form-field/basic: 235120
material/list/nav-list: 162378
material/menu/without-lazy-content: 236952
material/radio/without-group: 160056
material/select/basic: 288687
material/tabs/advanced: 230594
material/tabs/basic: 230451
